┌──────────────────────────────────────┐
│[1;97;44m         PerlTea G5 — Layout          [0m│
└──────────────────────────────────────┘
Terminal size: 40x12                    
Frame: 0                                
                                        
The body flexes to fill the space betwee
and the footer. Resize the terminal — it
no absolute coordinates, only stacks and
                                        
                                        
[2;36mpress any key to advance · q to quit    [0m