┌──────────────────────────────────────────┐
│[1;38;2;224;224;224;48;2;42;10;74m                                          [0m│
│[1;38;2;224;224;224;48;2;42;10;74m                                          [0m│
│[1;38;2;224;224;224;48;2;42;10;74m                                          [0m│
│[1;38;2;224;224;224;48;2;42;10;74m                PerlTea G4                [0m│
│[1;38;2;224;224;224;48;2;42;10;74m               Styling demo               [0m│
│[1;38;2;224;224;224;48;2;42;10;74m                 count: 0                 [0m│
│[1;38;2;224;224;224;48;2;42;10;74m                                          [0m│
│[1;38;2;224;224;224;48;2;42;10;74m                                          [0m│
│[1;38;2;224;224;224;48;2;42;10;74m                                          [0m│
└──────────────────────────────────────────┘